Structure for TestFileDump.testDump.orc
File Version: 0.12 with HIVE_8732
Rows: 21000
Compression: ZLIB
Compression size: 10000
Type: struct<i:int,l:bigint,s:string>

Stripe Statistics:
  Stripe 1:
    Column 0: count: 5000
    Column 1: count: 5000 min: -2147115959 max: 2145911404 sum: 159677169195
    Column 2: count: 5000 min: -9216505819108477308 max: 9217851628057711416
    Column 3: count: 5000 min: Darkness,-230 max: worst-54-290-346-648-908-996-1038-1080-1560-1584-1620-1744-1770-1798-1852-1966-2162-2244-2286-2296-2534-2660-3114-3676-3788-4068-4150-4706-4744 sum: 381254
  Stripe 2:
    Column 0: count: 5000
    Column 1: count: 5000 min: -2147390285 max: 2147224606 sum: -14961457759
    Column 2: count: 5000 min: -9222178666167296739 max: 9221301751385928177
    Column 3: count: 5000 min: Darkness,-230-368-488-586-862-930-1686-2044-2636-2652-2872-3108-3162-3192-3404-3442-3508-3542-3550-3712-3980-4146-4204-4336-4390-4418-4424-4490-4512-4650-4768-4924-4950-5210 max: worst-54-290-346-648-908-996-1038-1080-1560-1584-1620-1744-1770-1798-1852-1966-2162-2244-2286-2296-2534-2660-3114-3676-3788-4068-4150-4706-4744-5350-5420-5582-5696-5726-6006-6020-6024-6098-6184-6568-6636-6802-6994-7004-7318-7498-7758-7780-7798-7920-7952-7960-7988-8232-8256-8390-8416-8478-8620-8840-8984-9038-9128-9236-9248-9344-9594-9650-9714-9928-9938 sum: 1117994
  Stripe 3:
    Column 0: count: 5000
    Column 1: count: 5000 min: -2145842720 max: 2146718321 sum: 141092475520
    Column 2: count: 5000 min: -9221963099397084326 max: 9222722740629726770
    Column 3: count: 5000 min: Darkness,-230-368-488-586-862-930-1686-2044-2636-2652-2872-3108-3162-3192-3404-3442-3508-3542-3550-3712-3980-4146-4204-4336-4390-4418-4424-4490-4512-4650-4768-4924-4950-5210-5524-5630-5678-5710-5758-5952-6238-6252-6300-6366-6668-6712-6926-6942-7100-7194-7802-8030-8452-8608-8640-8862-8868-9134-9234-9412-9602-9608-9642-9678-9740-9780-10426 max: worst-54-290-346-648-908-996-1038-1080-1560-1584-1620-1744-1770-1798-1852-1966-2162-2244-2286-2296-2534-2660-3114-3676-3788-4068-4150-4706-4744-5350-5420-5582-5696-5726-6006-6020-6024-6098-6184-6568-6636-6802-6994-7004-7318-7498-7758-7780-7798-7920-7952-7960-7988-8232-8256-8390-8416-8478-8620-8840-8984-9038-9128-9236-9248-9344-9594-9650-9714-9928-9938-10178-10368-10414-10502-10732-10876-11008-11158-11410-11722-11836-11964-12054-12096-12126-12136-12202-12246-12298-12616-12774-12782-12790-12802-12976-13216-13246-13502-13766-14454-14974 sum: 1925226
  Stripe 4:
    Column 0: count: 5000
    Column 1: count: 5000 min: -2145378214 max: 2147453086 sum: -153680004530
    Column 2: count: 5000 min: -9222731174895935707 max: 9222919052987871506
    Column 3: count: 5000 min: Darkness,-230-368-488-586-862-930-1686-2044-2636-2652-2872-3108-3162-3192-3404-3442-3508-3542-3550-3712-3980-4146-4204-4336-4390-4418-4424-4490-4512-4650-4768-4924-4950-5210-5524-5630-5678-5710-5758-5952-6238-6252-6300-6366-6668-6712-6926-6942-7100-7194-7802-8030-8452-8608-8640-8862-8868-9134-9234-9412-9602-9608-9642-9678-9740-9780-10426-10510-10514-10706-10814-10870-10942-11028-11244-11326-11462-11496-11656-11830-12022-12178-12418-12832-13304-13448-13590-13618-13908-14188-14246-14340-14364-14394-14762-14850-14964-15048 max: worst-54-290-346-648-908-996-1038-1080-1560-1584-1620-1744-1770-1798-1852-1966-2162-2244-2286-2296-2534-2660-3114-3676-3788-4068-4150-4706-4744-5350-5420-5582-5696-5726-6006-6020-6024-6098-6184-6568-6636-6802-6994-7004-7318-7498-7758-7780-7798-7920-7952-7960-7988-8232-8256-8390-8416-8478-8620-8840-8984-9038-9128-9236-9248-9344-9594-9650-9714-9928-9938-10178-10368-10414-10502-10732-10876-11008-11158-11410-11722-11836-11964-12054-12096-12126-12136-12202-12246-12298-12616-12774-12782-12790-12802-12976-13216-13246-13502-13766-14454-14974-15004-15124-15252-15294-15356-15530-15610-16316-16936-17024-17122-17214-17310-17528-17682-17742-17870-17878-18010-18410-18524-18788-19204-19254-19518-19596-19786-19874-19904 sum: 2815002
  Stripe 5:
    Column 0: count: 1000
    Column 1: count: 1000 min: -2143595397 max: 2136858458 sum: -22999664100
    Column 2: count: 1000 min: -9212379634781416464 max: 9197412874152820822
    Column 3: count: 1000 min: Darkness,-230-368-488-586-862-930-1686-2044-2636-2652-2872-3108-3162-3192-3404-3442-3508-3542-3550-3712-3980-4146-4204-4336-4390-4418-4424-4490-4512-4650-4768-4924-4950-5210-5524-5630-5678-5710-5758-5952-6238-6252-6300-6366-6668-6712-6926-6942-7100-7194-7802-8030-8452-8608-8640-8862-8868-9134-9234-9412-9602-9608-9642-9678-9740-9780-10426-10510-10514-10706-10814-10870-10942-11028-11244-11326-11462-11496-11656-11830-12022-12178-12418-12832-13304-13448-13590-13618-13908-14188-14246-14340-14364-14394-14762-14850-14964-15048-15494-15674-15726-16006-16056-16180-16304-16332-16452-16598-16730-16810-16994-17210-17268-17786-17962-18214-18444-18446-18724-18912-18952-19164-19348-19400-19546-19776-19896-20084 max: worst-54-290-346-648-908-996-1038-1080-1560-1584-1620-1744-1770-1798-1852-1966-2162-2244-2286-2296-2534-2660-3114-3676-3788-4068-4150-4706-4744-5350-5420-5582-5696-5726-6006-6020-6024-6098-6184-6568-6636-6802-6994-7004-7318-7498-7758-7780-7798-7920-7952-7960-7988-8232-8256-8390-8416-8478-8620-8840-8984-9038-9128-9236-9248-9344-9594-9650-9714-9928-9938-10178-10368-10414-10502-10732-10876-11008-11158-11410-11722-11836-11964-12054-12096-12126-12136-12202-12246-12298-12616-12774-12782-12790-12802-12976-13216-13246-13502-13766-14454-14974-15004-15124-15252-15294-15356-15530-15610-16316-16936-17024-17122-17214-17310-17528-17682-17742-17870-17878-18010-18410-18524-18788-19204-19254-19518-19596-19786-19874-19904-20390-20752-20936 sum: 670762

File Statistics:
  Column 0: count: 21000
  Column 1: count: 21000 min: -2147390285 max: 2147453086 sum: 109128518326
  Column 2: count: 21000 min: -9222731174895935707 max: 9222919052987871506
  Column 3: count: 21000 min: Darkness,-230 max: worst-54-290-346-648-908-996-1038-1080-1560-1584-1620-1744-1770-1798-1852-1966-2162-2244-2286-2296-2534-2660-3114-3676-3788-4068-4150-4706-4744-5350-5420-5582-5696-5726-6006-6020-6024-6098-6184-6568-6636-6802-6994-7004-7318-7498-7758-7780-7798-7920-7952-7960-7988-8232-8256-8390-8416-8478-8620-8840-8984-9038-9128-9236-9248-9344-9594-9650-9714-9928-9938-10178-10368-10414-10502-10732-10876-11008-11158-11410-11722-11836-11964-12054-12096-12126-12136-12202-12246-12298-12616-12774-12782-12790-12802-12976-13216-13246-13502-13766-14454-14974-15004-15124-15252-15294-15356-15530-15610-16316-16936-17024-17122-17214-17310-17528-17682-17742-17870-17878-18010-18410-18524-18788-19204-19254-19518-19596-19786-19874-19904-20390-20752-20936 sum: 6910238

Stripes:
  Stripe: offset: 3 data: 151108 rows: 5000 tail: 68 index: 704
    Stream: column 0 section ROW_INDEX start: 3 length 15
    Stream: column 1 section ROW_INDEX start: 18 length 156
    Stream: column 2 section ROW_INDEX start: 174 length 172
    Stream: column 3 section ROW_INDEX start: 346 length 361
    Stream: column 1 section DATA start: 707 length 20029
    Stream: column 2 section DATA start: 20736 length 40035
    Stream: column 3 section DATA start: 60771 length 86757
    Stream: column 3 section LENGTH start: 147528 length 4287
    Encoding column 0: DIRECT
    Encoding column 1: DIRECT_V2
    Encoding column 2: DIRECT_V2
    Encoding column 3: DIRECT_V2
    Row group index column 1:
      Entry 0: count: 1000 min: -2132329551 max: 2145911404 positions: 0,0,0
      Entry 1: count: 1000 min: -2138433136 max: 2145210552 positions: 0,2050,488
      Entry 2: count: 1000 min: -2147115959 max: 2137805337 positions: 0,6150,464
      Entry 3: count: 1000 min: -2137828953 max: 2145877119 positions: 10003,250,440
      Entry 4: count: 1000 min: -2146452517 max: 2142394906 positions: 10003,4350,416
    Row group index column 2:
      Entry 0: count: 1000 min: -9206837518492372266 max: 9169230975203934579 positions: 0,0,0
      Entry 1: count: 1000 min: -9188878639954124284 max: 9213664245516510068 positions: 0,4098,488
      Entry 2: count: 1000 min: -9211329013123260308 max: 9217851628057711416 positions: 10003,2294,464
      Entry 3: count: 1000 min: -9185745718227889962 max: 9181722705210917931 positions: 20006,490,440
      Entry 4: count: 1000 min: -9216505819108477308 max: 9196474183833079923 positions: 20006,8686,416
    Row group index column 3:
      Entry 0: count: 1000 min: Darkness,-230 max: worst-54-290-346-648-908-996 positions: 0,0,0,0,0
      Entry 1: count: 1000 min: Darkness,-230-368-488-586-862-930-1686 max: worst-54-290-346-648-908-996-1038-1080-1560-1584-1620-1744-1770-1798-1852-1966 positions: 2777,8442,0,695,18
      Entry 2: count: 1000 min: Darkness,-230-368-488-586-862-930-1686-2044 max: worst-54-290-346-648-908-996-1038-1080-1560-1584-1620-1744-1770-1798-1852-1966-2162-2244-2286-2296-2534-2660 positions: 13595,4780,0,1554,14
      Entry 3: count: 1000 min: Darkness,-230-368-488-586-862-930-1686-2044-2636-2652-2872-3108 max: worst-54-290-346-648-908-996-1038-1080-1560-1584-1620-1744-1770-1798-1852-1966-2162-2244-2286-2296-2534-2660-3114-3676-3788 positions: 31432,228,0,2372,90
      Entry 4: count: 1000 min: Darkness,-230-368-488-586-862-930-1686-2044-2636-2652-2872-3108-3162-3192-3404-3442-3508-3542-3550-3712-3980-4146 max: worst-54-290-346-648-908-996-1038-1080-1560-1584-1620-1744-1770-1798-1852-1966-2162-2244-2286-2296-2534-2660-3114-3676-3788-4068-4150-4706-4744 positions: 54111,5096,0,3354,108
  Stripe: offset: 151883 data: 336358 rows: 5000 tail: 69 index: 941
    Stream: column 0 section ROW_INDEX start: 151883 length 15
    Stream: column 1 section ROW_INDEX start: 151898 length 150
    Stream: column 2 section ROW_INDEX start: 152048 length 167
    Stream: column 3 section ROW_INDEX start: 152215 length 609
    Stream: column 1 section DATA start: 152824 length 20029
    Stream: column 2 section DATA start: 172853 length 40035
    Stream: column 3 section DATA start: 212888 length 270789
    Stream: column 3 section LENGTH start: 483677 length 5505
    Encoding column 0: DIRECT
    Encoding column 1: DIRECT_V2
    Encoding column 2: DIRECT_V2
    Encoding column 3: DIRECT_V2
    Row group index column 1:
      Entry 0: count: 1000 min: -2146021688 max: 2146838901 positions: 0,0,0
      Entry 1: count: 1000 min: -2143569489 max: 2141223179 positions: 0,2050,488
      Entry 2: count: 1000 min: -2140649392 max: 2146301701 positions: 0,6150,464
      Entry 3: count: 1000 min: -2147390285 max: 2146299933 positions: 10003,250,440
      Entry 4: count: 1000 min: -2145928262 max: 2147224606 positions: 10003,4350,416
    Row group index column 2:
      Entry 0: count: 1000 min: -9222178666167296739 max: 9191250610515369723 positions: 0,0,0
      Entry 1: count: 1000 min: -9220148577547102875 max: 9213945522531717278 positions: 0,4098,488
      Entry 2: count: 1000 min: -9220818777591257749 max: 9221301751385928177 positions: 10003,2294,464
      Entry 3: count: 1000 min: -9220031433030423388 max: 9207856144487414148 positions: 20006,490,440
      Entry 4: count: 1000 min: -9201438531577205959 max: 9212462124593119846 positions: 20006,8686,416
    Row group index column 3:
      Entry 0: count: 1000 min: Darkness,-230-368-488-586-862-930-1686-2044-2636-2652-2872-3108-3162-3192-3404-3442-3508-3542-3550-3712-3980-4146-4204-4336-4390-4418-4424-4490-4512-4650-4768-4924-4950-5210 max: worst-54-290-346-648-908-996-1038-1080-1560-1584-1620-1744-1770-1798-1852-1966-2162-2244-2286-2296-2534-2660-3114-3676-3788-4068-4150-4706-4744-5350-5420-5582-5696-5726 positions: 0,0,0,0,0
      Entry 1: count: 1000 min: Darkness,-230-368-488-586-862-930-1686-2044-2636-2652-2872-3108-3162-3192-3404-3442-3508-3542-3550-3712-3980-4146-4204-4336-4390-4418-4424-4490-4512-4650-4768-4924-4950-5210-5524-5630-5678-5710-5758-5952-6238 max: worst-54-290-346-648-908-996-1038-1080-1560-1584-1620-1744-1770-1798-1852-1966-2162-2244-2286-2296-2534-2660-3114-3676-3788-4068-4150-4706-4744-5350-5420-5582-5696-5726-6006-6020-6024-6098-6184-6568-6636-6802-6994 positions: 37112,6320,0,967,90
      Entry 2: count: 1000 min: Darkness,-230-368-488-586-862-930-1686-2044-2636-2652-2872-3108-3162-3192-3404-3442-3508-3542-3550-3712-3980-4146-4204-4336-4390-4418-4424-4490-4512-4650-4768-4924-4950-5210-5524-5630-5678-5710-5758-5952-6238-6252-6300-6366-6668-6712-6926-6942-7100 max: worst-54-290-346-648-908-996-1038-1080-1560-1584-1620-1744-1770-1798-1852-1966-2162-2244-2286-2296-2534-2660-3114-3676-3788-4068-4150-4706-4744-5350-5420-5582-5696-5726-6006-6020-6024-6098-6184-6568-6636-6802-6994-7004-7318-7498-7758-7780-7798-7920-7952-7960-7988 positions: 80822,9756,0,1945,222
      Entry 3: count: 1000 min: Darkness,-230-368-488-586-862-930-1686-2044-2636-2652-2872-3108-3162-3192-3404-3442-3508-3542-3550-3712-3980-4146-4204-4336-4390-4418-4424-4490-4512-4650-4768-4924-4950-5210-5524-5630-5678-5710-5758-5952-6238-6252-6300-6366-6668-6712-6926-6942-7100-7194-7802-8030 max: worst-54-290-346-648-908-996-1038-1080-1560-1584-1620-1744-1770-1798-1852-1966-2162-2244-2286-2296-2534-2660-3114-3676-3788-4068-4150-4706-4744-5350-5420-5582-5696-5726-6006-6020-6024-6098-6184-6568-6636-6802-6994-7004-7318-7498-7758-7780-7798-7920-7952-7960-7988-8232-8256-8390-8416-8478-8620-8840-8984 positions: 137149,4496,0,3268,48
      Entry 4: count: 1000 min: Darkness,-230-368-488-586-862-930-1686-2044-2636-2652-2872-3108-3162-3192-3404-3442-3508-3542-3550-3712-3980-4146-4204-4336-4390-4418-4424-4490-4512-4650-4768-4924-4950-5210-5524-5630-5678-5710-5758-5952-6238-6252-6300-6366-6668-6712-6926-6942-7100-7194-7802-8030-8452-8608-8640-8862-8868-9134 max: worst-54-290-346-648-908-996-1038-1080-1560-1584-1620-1744-1770-1798-1852-1966-2162-2244-2286-2296-2534-2660-3114-3676-3788-4068-4150-4706-4744-5350-5420-5582-5696-5726-6006-6020-6024-6098-6184-6568-6636-6802-6994-7004-7318-7498-7758-7780-7798-7920-7952-7960-7988-8232-8256-8390-8416-8478-8620-8840-8984-9038-9128-9236-9248-9344-9594-9650-9714-9928-9938 positions: 197972,6590,0,4064,342
  Stripe: offset: 489251 data: 558031 rows: 5000 tail: 69 index: 1169
    Stream: column 0 section ROW_INDEX start: 489251 length 15
    Stream: column 1 section ROW_INDEX start: 489266 length 159
    Stream: column 2 section ROW_INDEX start: 489425 length 169
    Stream: column 3 section ROW_INDEX start: 489594 length 826
    Stream: column 1 section DATA start: 490420 length 20029
    Stream: column 2 section DATA start: 510449 length 40035
    Stream: column 3 section DATA start: 550484 length 492258
    Stream: column 3 section LENGTH start: 1042742 length 5709
    Encoding column 0: DIRECT
    Encoding column 1: DIRECT_V2
    Encoding column 2: DIRECT_V2
    Encoding column 3: DIRECT_V2
    Row group index column 1:
      Entry 0: count: 1000 min: -2138229212 max: 2144818981 positions: 0,0,0
      Entry 1: count: 1000 min: -2145842720 max: 2144179881 positions: 0,2050,488
      Entry 2: count: 1000 min: -2143045885 max: 2146718321 positions: 0,6150,464
      Entry 3: count: 1000 min: -2144745617 max: 2146570474 positions: 10003,250,440
      Entry 4: count: 1000 min: -2140127150 max: 2135081620 positions: 10003,4350,416
    Row group index column 2:
      Entry 0: count: 1000 min: -9204340807292138409 max: 9208698732685326961 positions: 0,0,0
      Entry 1: count: 1000 min: -9221963099397084326 max: 9222722740629726770 positions: 0,4098,488
      Entry 2: count: 1000 min: -9210480084701091299 max: 9207767402467343058 positions: 10003,2294,464
      Entry 3: count: 1000 min: -9195038026813631215 max: 9199201928563274421 positions: 20006,490,440
      Entry 4: count: 1000 min: -9215483580266514322 max: 9220102792864959501 positions: 20006,8686,416
    Row group index column 3:
      Entry 0: count: 1000 min: Darkness,-230-368-488-586-862-930-1686-2044-2636-2652-2872-3108-3162-3192-3404-3442-3508-3542-3550-3712-3980-4146-4204-4336-4390-4418-4424-4490-4512-4650-4768-4924-4950-5210-5524-5630-5678-5710-5758-5952-6238-6252-6300-6366-6668-6712-6926-6942-7100-7194-7802-8030-8452-8608-8640-8862-8868-9134-9234-9412-9602-9608-9642-9678-9740-9780-10426 max: worst-54-290-346-648-908-996-1038-1080-1560-1584-1620-1744-1770-1798-1852-1966-2162-2244-2286-2296-2534-2660-3114-3676-3788-4068-4150-4706-4744-5350-5420-5582-5696-5726-6006-6020-6024-6098-6184-6568-6636-6802-6994-7004-7318-7498-7758-7780-7798-7920-7952-7960-7988-8232-8256-8390-8416-8478-8620-8840-8984-9038-9128-9236-9248-9344-9594-9650-9714-9928-9938-10178-10368-10414-10502-10732-10876 positions: 0,0,0,0,0
      Entry 1: count: 1000 min: Darkness,-230-368-488-586-862-930-1686-2044-2636-2652-2872-3108-3162-3192-3404-3442-3508-3542-3550-3712-3980-4146-4204-4336-4390-4418-4424-4490-4512-4650-4768-4924-4950-5210-5524-5630-5678-5710-5758-5952-6238-6252-6300-6366-6668-6712-6926-6942-7100-7194-7802-8030-8452-8608-8640-8862-8868-9134-9234-9412-9602-9608-9642-9678-9740-9780-10426-10510-10514-10706-10814-10870-10942-11028 max: worst-54-290-346-648-908-996-1038-1080-1560-1584-1620-1744-1770-1798-1852-1966-2162-2244-2286-2296-2534-2660-3114-3676-3788-4068-4150-4706-4744-5350-5420-5582-5696-5726-6006-6020-6024-6098-6184-6568-6636-6802-6994-7004-7318-7498-7758-7780-7798-7920-7952-7960-7988-8232-8256-8390-8416-8478-8620-8840-8984-9038-9128-9236-9248-9344-9594-9650-9714-9928-9938-10178-10368-10414-10502-10732-10876-11008-11158-11410-11722-11836-11964 positions: 80352,3880,0,1097,28
      Entry 2: count: 1000 min: Darkness,-230-368-488-586-862-930-1686-2044-2636-2652-2872-3108-3162-3192-3404-3442-3508-3542-3550-3712-3980-4146-4204-4336-4390-4418-4424-4490-4512-4650-4768-4924-4950-5210-5524-5630-5678-5710-5758-5952-6238-6252-6300-6366-6668-6712-6926-6942-7100-7194-7802-8030-8452-8608-8640-8862-8868-9134-9234-9412-9602-9608-9642-9678-9740-9780-10426-10510-10514-10706-10814-10870-10942-11028-11244-11326-11462-11496-11656-11830-12022 max: worst-54-290-346-648-908-996-1038-1080-1560-1584-1620-1744-1770-1798-1852-1966-2162-2244-2286-2296-2534-2660-3114-3676-3788-4068-4150-4706-4744-5350-5420-5582-5696-5726-6006-6020-6024-6098-6184-6568-6636-6802-6994-7004-7318-7498-7758-7780-7798-7920-7952-7960-7988-8232-8256-8390-8416-8478-8620-8840-8984-9038-9128-9236-9248-9344-9594-9650-9714-9928-9938-10178-10368-10414-10502-10732-10876-11008-11158-11410-11722-11836-11964-12054-12096-12126-12136-12202-12246-12298-12616-12774-12782-12790-12802-12976 positions: 170641,3422,0,2077,162
      Entry 3: count: 1000 min: Darkness,-230-368-488-586-862-930-1686-2044-2636-2652-2872-3108-3162-3192-3404-3442-3508-3542-3550-3712-3980-4146-4204-4336-4390-4418-4424-4490-4512-4650-4768-4924-4950-5210-5524-5630-5678-5710-5758-5952-6238-6252-6300-6366-6668-6712-6926-6942-7100-7194-7802-8030-8452-8608-8640-8862-8868-9134-9234-9412-9602-9608-9642-9678-9740-9780-10426-10510-10514-10706-10814-10870-10942-11028-11244-11326-11462-11496-11656-11830-12022-12178-12418-12832-13304 max: worst-54-290-346-648-908-996-1038-1080-1560-1584-1620-1744-1770-1798-1852-1966-2162-2244-2286-2296-2534-2660-3114-3676-3788-4068-4150-4706-4744-5350-5420-5582-5696-5726-6006-6020-6024-6098-6184-6568-6636-6802-6994-7004-7318-7498-7758-7780-7798-7920-7952-7960-7988-8232-8256-8390-8416-8478-8620-8840-8984-9038-9128-9236-9248-9344-9594-9650-9714-9928-9938-10178-10368-10414-10502-10732-10876-11008-11158-11410-11722-11836-11964-12054-12096-12126-12136-12202-12246-12298-12616-12774-12782-12790-12802-12976-13216-13246-13502-13766 positions: 268420,9960,0,3369,16
      Entry 4: count: 1000 min: Darkness,-230-368-488-586-862-930-1686-2044-2636-2652-2872-3108-3162-3192-3404-3442-3508-3542-3550-3712-3980-4146-4204-4336-4390-4418-4424-4490-4512-4650-4768-4924-4950-5210-5524-5630-5678-5710-5758-5952-6238-6252-6300-6366-6668-6712-6926-6942-7100-7194-7802-8030-8452-8608-8640-8862-8868-9134-9234-9412-9602-9608-9642-9678-9740-9780-10426-10510-10514-10706-10814-10870-10942-11028-11244-11326-11462-11496-11656-11830-12022-12178-12418-12832-13304-13448-13590-13618-13908-14188 max: worst-54-290-346-648-908-996-1038-1080-1560-1584-1620-1744-1770-1798-1852-1966-2162-2244-2286-2296-2534-2660-3114-3676-3788-4068-4150-4706-4744-5350-5420-5582-5696-5726-6006-6020-6024-6098-6184-6568-6636-6802-6994-7004-7318-7498-7758-7780-7798-7920-7952-7960-7988-8232-8256-8390-8416-8478-8620-8840-8984-9038-9128-9236-9248-9344-9594-9650-9714-9928-9938-10178-10368-10414-10502-10732-10876-11008-11158-11410-11722-11836-11964-12054-12096-12126-12136-12202-12246-12298-12616-12774-12782-12790-12802-12976-13216-13246-13502-13766-14454-14974 positions: 377916,1620,0,4041,470
  Stripe: offset: 1048520 data: 792850 rows: 5000 tail: 69 index: 1351
    Stream: column 0 section ROW_INDEX start: 1048520 length 15
    Stream: column 1 section ROW_INDEX start: 1048535 length 149
    Stream: column 2 section ROW_INDEX start: 1048684 length 170
    Stream: column 3 section ROW_INDEX start: 1048854 length 1017
    Stream: column 1 section DATA start: 1049871 length 20029
    Stream: column 2 section DATA start: 1069900 length 40035
    Stream: column 3 section DATA start: 1109935 length 727038
    Stream: column 3 section LENGTH start: 1836973 length 5748
    Encoding column 0: DIRECT
    Encoding column 1: DIRECT_V2
    Encoding column 2: DIRECT_V2
    Encoding column 3: DIRECT_V2
    Row group index column 1:
      Entry 0: count: 1000 min: -2145319330 max: 2146998132 positions: 0,0,0
      Entry 1: count: 1000 min: -2134288866 max: 2147453086 positions: 0,2050,488
      Entry 2: count: 1000 min: -2139010804 max: 2144727593 positions: 0,6150,464
      Entry 3: count: 1000 min: -2145378214 max: 2144098933 positions: 10003,250,440
      Entry 4: count: 1000 min: -2140494429 max: 2144595861 positions: 10003,4350,416
    Row group index column 2:
      Entry 0: count: 1000 min: -9172774601303513941 max: 9212917101275642143 positions: 0,0,0
      Entry 1: count: 1000 min: -9218164880949195469 max: 9222919052987871506 positions: 0,4098,488
      Entry 2: count: 1000 min: -9222731174895935707 max: 9214167447015056056 positions: 10003,2294,464
      Entry 3: count: 1000 min: -9196276654247395117 max: 9210639275226058005 positions: 20006,490,440
      Entry 4: count: 1000 min: -9197393848859294562 max: 9208134757538374043 positions: 20006,8686,416
    Row group index column 3:
      Entry 0: count: 1000 min: Darkness,-230-368-488-586-862-930-1686-2044-2636-2652-2872-3108-3162-3192-3404-3442-3508-3542-3550-3712-3980-4146-4204-4336-4390-4418-4424-4490-4512-4650-4768-4924-4950-5210-5524-5630-5678-5710-5758-5952-6238-6252-6300-6366-6668-6712-6926-6942-7100-7194-7802-8030-8452-8608-8640-8862-8868-9134-9234-9412-9602-9608-9642-9678-9740-9780-10426-10510-10514-10706-10814-10870-10942-11028-11244-11326-11462-11496-11656-11830-12022-12178-12418-12832-13304-13448-13590-13618-13908-14188-14246-14340-14364-14394-14762-14850-14964-15048 max: worst-54-290-346-648-908-996-1038-1080-1560-1584-1620-1744-1770-1798-1852-1966-2162-2244-2286-2296-2534-2660-3114-3676-3788-4068-4150-4706-4744-5350-5420-5582-5696-5726-6006-6020-6024-6098-6184-6568-6636-6802-6994-7004-7318-7498-7758-7780-7798-7920-7952-7960-7988-8232-8256-8390-8416-8478-8620-8840-8984-9038-9128-9236-9248-9344-9594-9650-9714-9928-9938-10178-10368-10414-10502-10732-10876-11008-11158-11410-11722-11836-11964-12054-12096-12126-12136-12202-12246-12298-12616-12774-12782-12790-12802-12976-13216-13246-13502-13766-14454-14974-15004-15124-15252-15294-15356-15530-15610 positions: 0,0,0,0,0
      Entry 1: count: 1000 min: Darkness,-230-368-488-586-862-930-1686-2044-2636-2652-2872-3108-3162-3192-3404-3442-3508-3542-3550-3712-3980-4146-4204-4336-4390-4418-4424-4490-4512-4650-4768-4924-4950-5210-5524-5630-5678-5710-5758-5952-6238-6252-6300-6366-6668-6712-6926-6942-7100-7194-7802-8030-8452-8608-8640-8862-8868-9134-9234-9412-9602-9608-9642-9678-9740-9780-10426-10510-10514-10706-10814-10870-10942-11028-11244-11326-11462-11496-11656-11830-12022-12178-12418-12832-13304-13448-13590-13618-13908-14188-14246-14340-14364-14394-14762-14850-14964-15048-15494-15674-15726-16006 max: worst-54-290-346-648-908-996-1038-1080-1560-1584-1620-1744-1770-1798-1852-1966-2162-2244-2286-2296-2534-2660-3114-3676-3788-4068-4150-4706-4744-5350-5420-5582-5696-5726-6006-6020-6024-6098-6184-6568-6636-6802-6994-7004-7318-7498-7758-7780-7798-7920-7952-7960-7988-8232-8256-8390-8416-8478-8620-8840-8984-9038-9128-9236-9248-9344-9594-9650-9714-9928-9938-10178-10368-10414-10502-10732-10876-11008-11158-11410-11722-11836-11964-12054-12096-12126-12136-12202-12246-12298-12616-12774-12782-12790-12802-12976-13216-13246-13502-13766-14454-14974-15004-15124-15252-15294-15356-15530-15610-16316-16936 positions: 126968,2916,0,1077,140
      Entry 2: count: 1000 min: Darkness,-230-368-488-586-862-930-1686-2044-2636-2652-2872-3108-3162-3192-3404-3442-3508-3542-3550-3712-3980-4146-4204-4336-4390-4418-4424-4490-4512-4650-4768-4924-4950-5210-5524-5630-5678-5710-5758-5952-6238-6252-6300-6366-6668-6712-6926-6942-7100-7194-7802-8030-8452-8608-8640-8862-8868-9134-9234-9412-9602-9608-9642-9678-9740-9780-10426-10510-10514-10706-10814-10870-10942-11028-11244-11326-11462-11496-11656-11830-12022-12178-12418-12832-13304-13448-13590-13618-13908-14188-14246-14340-14364-14394-14762-14850-14964-15048-15494-15674-15726-16006-16056-16180-16304-16332-16452-16598-16730-16810-16994-17210 max: worst-54-290-346-648-908-996-1038-1080-1560-1584-1620-1744-1770-1798-1852-1966-2162-2244-2286-2296-2534-2660-3114-3676-3788-4068-4150-4706-4744-5350-5420-5582-5696-5726-6006-6020-6024-6098-6184-6568-6636-6802-6994-7004-7318-7498-7758-7780-7798-7920-7952-7960-7988-8232-8256-8390-8416-8478-8620-8840-8984-9038-9128-9236-9248-9344-9594-9650-9714-9928-9938-10178-10368-10414-10502-10732-10876-11008-11158-11410-11722-11836-11964-12054-12096-12126-12136-12202-12246-12298-12616-12774-12782-12790-12802-12976-13216-13246-13502-13766-14454-14974-15004-15124-15252-15294-15356-15530-15610-16316-16936-17024-17122-17214-17310-17528-17682-17742-17870-17878 positions: 263111,206,0,1926,462
      Entry 3: count: 1000 min: Darkness,-230-368-488-586-862-930-1686-2044-2636-2652-2872-3108-3162-3192-3404-3442-3508-3542-3550-3712-3980-4146-4204-4336-4390-4418-4424-4490-4512-4650-4768-4924-4950-5210-5524-5630-5678-5710-5758-5952-6238-6252-6300-6366-6668-6712-6926-6942-7100-7194-7802-8030-8452-8608-8640-8862-8868-9134-9234-9412-9602-9608-9642-9678-9740-9780-10426-10510-10514-10706-10814-10870-10942-11028-11244-11326-11462-11496-11656-11830-12022-12178-12418-12832-13304-13448-13590-13618-13908-14188-14246-14340-14364-14394-14762-14850-14964-15048-15494-15674-15726-16006-16056-16180-16304-16332-16452-16598-16730-16810-16994-17210-17268-17786-17962-18214 max: worst-54-290-346-648-908-996-1038-1080-1560-1584-1620-1744-1770-1798-1852-1966-2162-2244-2286-2296-2534-2660-3114-3676-3788-4068-4150-4706-4744-5350-5420-5582-5696-5726-6006-6020-6024-6098-6184-6568-6636-6802-6994-7004-7318-7498-7758-7780-7798-7920-7952-7960-7988-8232-8256-8390-8416-8478-8620-8840-8984-9038-9128-9236-9248-9344-9594-9650-9714-9928-9938-10178-10368-10414-10502-10732-10876-11008-11158-11410-11722-11836-11964-12054-12096-12126-12136-12202-12246-12298-12616-12774-12782-12790-12802-12976-13216-13246-13502-13766-14454-14974-15004-15124-15252-15294-15356-15530-15610-16316-16936-17024-17122-17214-17310-17528-17682-17742-17870-17878-18010-18410-18524-18788 positions: 407371,8480,0,3444,250
      Entry 4: count: 1000 min: Darkness,-230-368-488-586-862-930-1686-2044-2636-2652-2872-3108-3162-3192-3404-3442-3508-3542-3550-3712-3980-4146-4204-4336-4390-4418-4424-4490-4512-4650-4768-4924-4950-5210-5524-5630-5678-5710-5758-5952-6238-6252-6300-6366-6668-6712-6926-6942-7100-7194-7802-8030-8452-8608-8640-8862-8868-9134-9234-9412-9602-9608-9642-9678-9740-9780-10426-10510-10514-10706-10814-10870-10942-11028-11244-11326-11462-11496-11656-11830-12022-12178-12418-12832-13304-13448-13590-13618-13908-14188-14246-14340-14364-14394-14762-14850-14964-15048-15494-15674-15726-16006-16056-16180-16304-16332-16452-16598-16730-16810-16994-17210-17268-17786-17962-18214-18444-18446-18724-18912-18952-19164 max: worst-54-290-346-648-908-996-1038-1080-1560-1584-1620-1744-1770-1798-1852-1966-2162-2244-2286-2296-2534-2660-3114-3676-3788-4068-4150-4706-4744-5350-5420-5582-5696-5726-6006-6020-6024-6098-6184-6568-6636-6802-6994-7004-7318-7498-7758-7780-7798-7920-7952-7960-7988-8232-8256-8390-8416-8478-8620-8840-8984-9038-9128-9236-9248-9344-9594-9650-9714-9928-9938-10178-10368-10414-10502-10732-10876-11008-11158-11410-11722-11836-11964-12054-12096-12126-12136-12202-12246-12298-12616-12774-12782-12790-12802-12976-13216-13246-13502-13766-14454-14974-15004-15124-15252-15294-15356-15530-15610-16316-16936-17024-17122-17214-17310-17528-17682-17742-17870-17878-18010-18410-18524-18788-19204-19254-19518-19596-19786-19874-19904 positions: 562094,3058,0,4643,292
  Stripe: offset: 1842790 data: 188033 rows: 1000 tail: 67 index: 832
    Stream: column 0 section ROW_INDEX start: 1842790 length 10
    Stream: column 1 section ROW_INDEX start: 1842800 length 36
    Stream: column 2 section ROW_INDEX start: 1842836 length 39
    Stream: column 3 section ROW_INDEX start: 1842875 length 747
    Stream: column 1 section DATA start: 1843622 length 4007
    Stream: column 2 section DATA start: 1847629 length 8007
    Stream: column 3 section DATA start: 1855636 length 174759
    Stream: column 3 section LENGTH start: 2030395 length 1260
    Encoding column 0: DIRECT
    Encoding column 1: DIRECT_V2
    Encoding column 2: DIRECT_V2
    Encoding column 3: DIRECT_V2
    Row group index column 1:
      Entry 0: count: 1000 min: -2143595397 max: 2136858458 positions: 0,0,0
    Row group index column 2:
      Entry 0: count: 1000 min: -9212379634781416464 max: 9197412874152820822 positions: 0,0,0
    Row group index column 3:
      Entry 0: count: 1000 min: Darkness,-230-368-488-586-862-930-1686-2044-2636-2652-2872-3108-3162-3192-3404-3442-3508-3542-3550-3712-3980-4146-4204-4336-4390-4418-4424-4490-4512-4650-4768-4924-4950-5210-5524-5630-5678-5710-5758-5952-6238-6252-6300-6366-6668-6712-6926-6942-7100-7194-7802-8030-8452-8608-8640-8862-8868-9134-9234-9412-9602-9608-9642-9678-9740-9780-10426-10510-10514-10706-10814-10870-10942-11028-11244-11326-11462-11496-11656-11830-12022-12178-12418-12832-13304-13448-13590-13618-13908-14188-14246-14340-14364-14394-14762-14850-14964-15048-15494-15674-15726-16006-16056-16180-16304-16332-16452-16598-16730-16810-16994-17210-17268-17786-17962-18214-18444-18446-18724-18912-18952-19164-19348-19400-19546-19776-19896-20084 max: worst-54-290-346-648-908-996-1038-1080-1560-1584-1620-1744-1770-1798-1852-1966-2162-2244-2286-2296-2534-2660-3114-3676-3788-4068-4150-4706-4744-5350-5420-5582-5696-5726-6006-6020-6024-6098-6184-6568-6636-6802-6994-7004-7318-7498-7758-7780-7798-7920-7952-7960-7988-8232-8256-8390-8416-8478-8620-8840-8984-9038-9128-9236-9248-9344-9594-9650-9714-9928-9938-10178-10368-10414-10502-10732-10876-11008-11158-11410-11722-11836-11964-12054-12096-12126-12136-12202-12246-12298-12616-12774-12782-12790-12802-12976-13216-13246-13502-13766-14454-14974-15004-15124-15252-15294-15356-15530-15610-16316-16936-17024-17122-17214-17310-17528-17682-17742-17870-17878-18010-18410-18524-18788-19204-19254-19518-19596-19786-19874-19904-20390-20752-20936 positions: 0,0,0,0,0

File length: 2033559 bytes
Padding length: 0 bytes
Padding ratio: 0%
